[debug] [2026-04-29T00:38:24.209Z] ----------------------------------------------------------------------
[debug] [2026-04-29T00:38:24.212Z] Command:       C:\Program Files\nodejs\node.exe C:\Users\DANIEL\AppData\Roaming\npm\node_modules\firebase-tools\lib\bin\firebase.js init
[debug] [2026-04-29T00:38:24.212Z] CLI Version:   15.15.0
[debug] [2026-04-29T00:38:24.212Z] Platform:      win32
[debug] [2026-04-29T00:38:24.213Z] Node Version:  v24.15.0
[debug] [2026-04-29T00:38:24.213Z] Time:          Wed Apr 29 2026 03:38:24 GMT+0300 (Türkiye Standard Time)
[debug] [2026-04-29T00:38:24.213Z] ----------------------------------------------------------------------
[debug] 
[info] 
     ######## #### ########  ######## ########     ###     ######  ########
     ##        ##  ##     ## ##       ##     ##  ##   ##  ##       ##
     ######    ##  ########  ######   ########  #########  ######  ######
     ##        ##  ##    ##  ##       ##     ## ##     ##       ## ##
     ##       #### ##     ## ######## ########  ##     ##  ######  ########

You're about to initialize a Firebase project in this directory:

  C:\Users\DANIEL\Desktop\Projects\DiabetesApp

[debug] [2026-04-29T00:40:59.569Z] ExitPromptError: User force closed the prompt with SIGINT
    at Interface.sigint (C:\Users\DANIEL\AppData\Roaming\npm\node_modules\firebase-tools\node_modules\@inquirer\core\dist\commonjs\lib\create-prompt.js:101:37)
    at Interface.emit (node:events:509:28)
    at [_ttyWrite] [as _ttyWrite] (node:internal/readline/interface:1327:18)
    at ReadStream.onkeypress (node:internal/readline/interface:284:20)
    at ReadStream.emit (node:events:521:24)
    at emitKeys (node:internal/readline/utils:371:14)
    at emitKeys.next (<anonymous>)
    at ReadStream.onData (node:internal/readline/emitKeypressEvents:64:36)
    at ReadStream.emit (node:events:509:28)
    at addChunk (node:internal/streams/readable:563:12)
[error] 
[error] Error: An unexpected error has occurred.
